
> campuscart@1.0.0 test
> node --test "tests/**/*.test.js"

file:///E:/campuscart/url_shortner/server/tests/auth.e2e.test.js:305
});
^

SyntaxError: Unexpected token '}'
    at compileSourceTextModule (node:internal/modules/esm/utils:318:16)
    at ModuleLoader.moduleStrategy (node:internal/modules/esm/translators:111:18)
    at #translate (node:internal/modules/esm/loader:473:20)
    at afterLoad (node:internal/modules/esm/loader:529:29)
    at ModuleLoader.loadAndTranslate (node:internal/modules/esm/loader:534:12)
    at #getOrCreateModuleJobAfterResolve (node:internal/modules/esm/loader:571:36)
    at afterResolve (node:internal/modules/esm/loader:624:52)
    at ModuleLoader.getOrCreateModuleJob (node:internal/modules/esm/loader:630:12)
    at onImport.tracePromise.__proto__ (node:internal/modules/esm/loader:649:32)
    at TracingChannel.tracePromise (node:diagnostics_channel:350:14)

Node.js v24.12.0
Γ£û tests\auth.e2e.test.js (181.3217ms)
Google OAuth credentials missing or placeholder. Skipping strategy registration.
GitHub OAuth credentials missing or placeholder. Skipping strategy registration.
[dotenv@17.3.1] injecting env (17) from .env -- tip: ≡ƒöÉ prevent committing .env to code: https://dotenvx.com/precommit
MongoDB connected successfully
[0mPOST /api/auth/login [32m200[0m 295.914 ms - 352[0m
[0mPOST /api/offers/69c9d311c8b4dee22443ec34 [32m201[0m 86.132 ms - 598[0m
[0mPOST /api/chat/conversations [32m200[0m 21.560 ms - 572[0m
Γû╢ Offer and Chat Integration
  Γ£ö 1. Conversation creation & 5. Data integrity & 4. Navigation (1363.9141ms)
[0mPOST /api/auth/login [32m200[0m 142.781 ms - 352[0m
[0mPOST /api/offers/69c9d312c8b4dee22443ec5e [32m201[0m 58.986 ms - 602[0m
[0mGET /api/chat/conversations/69c9d312c8b4dee22443ec68/messages [32m200[0m 52.986 ms - 350[0m
  Γ£ö 2. Offer message sync (547.0647ms)
[0mPOST /api/auth/login [32m200[0m 169.211 ms - 352[0m
[0mPOST /api/chat/conversations [32m200[0m 65.505 ms - 496[0m
[0mPOST /api/chat/conversations [32m200[0m 64.240 ms - 496[0m
[0mPOST /api/chat/conversations [32m200[0m 87.176 ms - 496[0m
[0mPOST /api/chat/conversations [32m200[0m 87.214 ms - 496[0m
[0mPOST /api/chat/conversations [32m200[0m 84.575 ms - 496[0m
  Γ£ö 3. Double request (High Frequency Chat Checks) (572.1908ms)
  Γä╣ 'only' and 'runOnly' require the --test-only command-line option.
Mongoose disconnected. Attempting to reconnect...
Γ£ö Offer and Chat Integration (7462.1247ms)
Google OAuth credentials missing or placeholder. Skipping strategy registration.
GitHub OAuth credentials missing or placeholder. Skipping strategy registration.
[dotenv@17.3.1] injecting env (17) from .env -- tip: ΓÜÖ∩╕Å  write to custom object with { processEnv: myObject }
MongoDB connected successfully
[0mPOST /api/auth/login [32m200[0m 459.599 ms - 359[0m
[0mPOST /api/auth/login [32m200[0m 146.217 ms - 355[0m
[0mPOST /api/listings [32m201[0m 18.212 ms - 346[0m
[0mGET /api/listings/69c9d3118addbc52a650d24a [32m200[0m 20.981 ms - 434[0m
[0mPOST /api/offers/69c9d3118addbc52a650d24a [32m201[0m 41.775 ms - 561[0m
[0mGET /api/chat/conversations/69c9d3118addbc52a650d254/messages [32m200[0m 28.675 ms - 344[0m
[0mGET /api/chat/conversations [32m200[0m 34.047 ms - 750[0m
[0mGET /api/chat/conversations/69c9d3118addbc52a650d254/messages [32m200[0m 33.489 ms - 344[0m
[0mPOST /api/chat/messages [32m201[0m 28.683 ms - 333[0m
[0mPOST /api/offers/69c9d3118addbc52a650d24a [33m400[0m 15.528 ms - 79[0m
[0mGET /api/chat/conversations/69c9d3118addbc52a650d254/messages [32m200[0m 17.703 ms - 653[0m
Γû╢ Full E2E Journey - Marketplace to Chat
  Γ£ö Executes end-to-end Buyer & Seller interaction correctly (1789.4204ms)
Mongoose disconnected. Attempting to reconnect...
Γ£ö Full E2E Journey - Marketplace to Chat (6668.7085ms)
Google OAuth credentials missing or placeholder. Skipping strategy registration.
GitHub OAuth credentials missing or placeholder. Skipping strategy registration.
[dotenv@17.3.1] injecting env (17) from .env -- tip: ≡ƒöÉ prevent building .env in docker: https://dotenvx.com/prebuild
MongoDB connected successfully
[0mPOST /api/auth/login [32m200[0m 244.681 ms - 354[0m
Γû╢ POST /api/auth/login
  Γ£ö 1. Valid credentials (1353.1953ms)
[0mPOST /api/auth/login [33m401[0m 139.731 ms - 39[0m
  Γ£ö 2. Wrong password (294.5798ms)
[0mPOST /api/auth/login [33m401[0m 3.550 ms - 39[0m
  Γ£ö 3. Non-existent email (13.8946ms)
[0mPOST /api/auth/login [33m400[0m 1.279 ms - 45[0m
[0mPOST /api/auth/login [33m400[0m 1.163 ms - 45[0m
  Γ£ö 4. Missing fields (37.6686ms)
[0mPOST /api/auth/login [33m400[0m 0.840 ms - 34[0m
  Γ£ö 5. Invalid email format (12.8685ms)
[0mPOST /api/auth/login [33m400[0m 0.709 ms - 45[0m
  Γ£ö 6. Security test (NoSQL injection payload) (152.8357ms)
Γ£ö POST /api/auth/login (6796.7375ms)
Mongoose disconnected. Attempting to reconnect...
Google OAuth credentials missing or placeholder. Skipping strategy registration.
GitHub OAuth credentials missing or placeholder. Skipping strategy registration.
[dotenv@17.3.1] injecting env (17) from .env -- tip: ΓÜÖ∩╕Å  enable debug logging with { debug: true }
MongoDB connected successfully
[0mPOST /api/auth/login [32m200[0m 441.004 ms - 350[0m
[0mPOST /api/offers/69c9d3112b372f7911a46b28 [32m201[0m 81.328 ms - 596[0m
Γû╢ POST /api/offers/:listingId
  Γ£ö 1. Valid offer (1423.216ms)
[0mPOST /api/auth/login [32m200[0m 141.100 ms - 355[0m
DEBUG ERR: {
  message: 'Offer validation failed: amount: Amount must be greater than 0',
  stack: 'ValidationError: Offer validation failed: amount: Amount must be greater than 0\n' +
    '    at Document.invalidate (E:\\campuscart\\url_shortner\\server\\node_modules\\mongoose\\lib\\document.js:3405:32)\n' +
    '    at validatePath (E:\\campuscart\\url_shortner\\server\\node_modules\\mongoose\\lib\\document.js:3177:13)\n' +
    '    at process.processTicksAndRejections (node:internal/process/task_queues:103:5)\n' +
    '    at async Promise.all (index 3)\n' +
    '    at async model.$__validate (E:\\campuscart\\url_shortner\\server\\node_modules\\mongoose\\lib\\document.js:3118:3)\n' +
    '    at async model.validate (E:\\campuscart\\url_shortner\\server\\node_modules\\mongoose\\lib\\document.js:2687:5)\n' +
    '    at async model.validateBeforeSavePreSave (E:\\campuscart\\url_shortner\\server\\node_modules\\mongoose\\lib\\plugins\\validateBeforeSave.js:39:5)\n' +
    '    at async Kareem.execPre (E:\\campuscart\\url_shortner\\server\\node_modules\\kareem\\index.js:70:24)\n' +
    '    at async model.$__save (E:\\campuscart\\url_shortner\\server\\node_modules\\mongoose\\lib\\model.js:371:5)\n' +
    '    at async model.save (E:\\campuscart\\url_shortner\\server\\node_modules\\mongoose\\lib\\model.js:614:5)',
  name: 'ValidationError',
  code: undefined
}
[0mPOST /api/offers/69c9d3122b372f7911a46b4c [33m400[0m 18.409 ms - 59[0m
  Γ£ö 2. Invalid amount (463.6436ms)
[0mPOST /api/auth/login [32m200[0m 126.319 ms - 360[0m
[0mPOST /api/offers/69c9d3122b372f7911a46b5e [33m403[0m 13.599 ms - 70[0m
  Γ£ö 3. Buyer = Seller (rejected) (337.041ms)
[0mPOST /api/auth/login [32m200[0m 125.803 ms - 355[0m
[0mPOST /api/offers/69c9d3122b372f7911a46b70 [32m201[0m 35.458 ms - 573[0m
[0mPOST /api/offers/69c9d3122b372f7911a46b70 [33m400[0m 7.722 ms - 79[0m
  Γ£ö 4. Duplicate pending offer (503.5981ms)
[0mPOST /api/offers/69c9d3132b372f7911a46b90 [33m401[0m 0.392 ms - 47[0m
  Γ£ö 5. Unauthorized (129.7883ms)
[0mPOST /api/auth/login [32m200[0m 122.787 ms - 354[0m
DEBUG ERR: {
  message: `E11000 duplicate key error collection: test.offers index: listing_1_buyer_1_status_1 dup key: { listing: ObjectId('69c9d3132b372f7911a46b9d'), buyer: ObjectId('69c9d3132b372f7911a46b9b'), status: "pending" }`,
  stack: `MongoServerError: E11000 duplicate key error collection: test.offers index: listing_1_buyer_1_status_1 dup key: { listing: ObjectId('69c9d3132b372f7911a46b9d'), buyer: ObjectId('69c9d3132b372f7911a46b9b'), status: "pending" }\n` +
    '    at InsertOneOperation.handleOk (E:\\campuscart\\url_shortner\\server\\node_modules\\mongodb\\lib\\operations\\insert.js:51:19)\n' +
    '    at tryOperation (E:\\campuscart\\url_shortner\\server\\node_modules\\mongodb\\lib\\operations\\execute_operation.js:216:34)\n' +
    '    at process.processTicksAndRejections (node:internal/process/task_queues:103:5)\n' +
    '    at async executeOperation (E:\\campuscart\\url_shortner\\server\\node_modules\\mongodb\\lib\\operations\\execute_operation.js:80:16)\n' +
    '    at async Collection.insertOne (E:\\campuscart\\url_shortner\\server\\node_modules\\mongodb\\lib\\collection.js:154:16)\n' +
    '    at async model.$__save (E:\\campuscart\\url_shortner\\server\\node_modules\\mongoose\\lib\\model.js:400:16)\n' +
    '    at async model.save (E:\\campuscart\\url_shortner\\server\\node_modules\\mongoose\\lib\\model.js:614:5)\n' +
    '    at async E:\\campuscart\\url_shortner\\server\\node_modules\\mongoose\\lib\\model.js:2750:9\n' +
    '    at async Promise.all (index 0)\n' +
    '    at async model.create (E:\\campuscart\\url_shortner\\server\\node_modules\\mongoose\\lib\\model.js:2735:11)',
  name: 'MongoServerError',
  code: 11000
}
[0mPOST /api/offers/69c9d3132b372f7911a46b9d [33m400[0m 43.695 ms - 53[0m
DEBUG ERR: {
  message: `E11000 duplicate key error collection: test.offers index: listing_1_buyer_1_status_1 dup key: { listing: ObjectId('69c9d3132b372f7911a46b9d'), buyer: ObjectId('69c9d3132b372f7911a46b9b'), status: "pending" }`,
  stack: `MongoServerError: E11000 duplicate key error collection: test.offers index: listing_1_buyer_1_status_1 dup key: { listing: ObjectId('69c9d3132b372f7911a46b9d'), buyer: ObjectId('69c9d3132b372f7911a46b9b'), status: "pending" }\n` +
    '    at InsertOneOperation.handleOk (E:\\campuscart\\url_shortner\\server\\node_modules\\mongodb\\lib\\operations\\insert.js:51:19)\n' +
    '    at tryOperation (E:\\campuscart\\url_shortner\\server\\node_modules\\mongodb\\lib\\operations\\execute_operation.js:216:34)\n' +
    '    at process.processTicksAndRejections (node:internal/process/task_queues:103:5)\n' +
    '    at async executeOperation (E:\\campuscart\\url_shortner\\server\\node_modules\\mongodb\\lib\\operations\\execute_operation.js:80:16)\n' +
    '    at async Collection.insertOne (E:\\campuscart\\url_shortner\\server\\node_modules\\mongodb\\lib\\collection.js:154:16)\n' +
    '    at async model.$__save (E:\\campuscart\\url_shortner\\server\\node_modules\\mongoose\\lib\\model.js:400:16)\n' +
    '    at async model.save (E:\\campuscart\\url_shortner\\server\\node_modules\\mongoose\\lib\\model.js:614:5)\n' +
    '    at async E:\\campuscart\\url_shortner\\server\\node_modules\\mongoose\\lib\\model.js:2750:9\n' +
    '    at async Promise.all (index 0)\n' +
    '    at async model.create (E:\\campuscart\\url_shortner\\server\\node_modules\\mongoose\\lib\\model.js:2735:11)',
  name: 'MongoServerError',
  code: 11000
}
[0mPOST /api/offers/69c9d3132b372f7911a46b9d [33m400[0m 43.673 ms - 53[0m
DEBUG ERR: {
  message: `E11000 duplicate key error collection: test.offers index: listing_1_buyer_1_status_1 dup key: { listing: ObjectId('69c9d3132b372f7911a46b9d'), buyer: ObjectId('69c9d3132b372f7911a46b9b'), status: "pending" }`,
  stack: `MongoServerError: E11000 duplicate key error collection: test.offers index: listing_1_buyer_1_status_1 dup key: { listing: ObjectId('69c9d3132b372f7911a46b9d'), buyer: ObjectId('69c9d3132b372f7911a46b9b'), status: "pending" }\n` +
    '    at InsertOneOperation.handleOk (E:\\campuscart\\url_shortner\\server\\node_modules\\mongodb\\lib\\operations\\insert.js:51:19)\n' +
    '    at tryOperation (E:\\campuscart\\url_shortner\\server\\node_modules\\mongodb\\lib\\operations\\execute_operation.js:216:34)\n' +
    '    at process.processTicksAndRejections (node:internal/process/task_queues:103:5)\n' +
    '    at async executeOperation (E:\\campuscart\\url_shortner\\server\\node_modules\\mongodb\\lib\\operations\\execute_operation.js:80:16)\n' +
    '    at async Collection.insertOne (E:\\campuscart\\url_shortner\\server\\node_modules\\mongodb\\lib\\collection.js:154:16)\n' +
    '    at async model.$__save (E:\\campuscart\\url_shortner\\server\\node_modules\\mongoose\\lib\\model.js:400:16)\n' +
    '    at async model.save (E:\\campuscart\\url_shortner\\server\\node_modules\\mongoose\\lib\\model.js:614:5)\n' +
    '    at async E:\\campuscart\\url_shortner\\server\\node_modules\\mongoose\\lib\\model.js:2750:9\n' +
    '    at async Promise.all (index 0)\n' +
    '    at async model.create (E:\\campuscart\\url_shortner\\server\\node_modules\\mongoose\\lib\\model.js:2735:11)',
  name: 'MongoServerError',
  code: 11000
}
[0mPOST /api/offers/69c9d3132b372f7911a46b9d [33m400[0m 43.688 ms - 53[0m
DEBUG ERR: {
  message: `E11000 duplicate key error collection: test.offers index: listing_1_buyer_1_status_1 dup key: { listing: ObjectId('69c9d3132b372f7911a46b9d'), buyer: ObjectId('69c9d3132b372f7911a46b9b'), status: "pending" }`,
  stack: `MongoServerError: E11000 duplicate key error collection: test.offers index: listing_1_buyer_1_status_1 dup key: { listing: ObjectId('69c9d3132b372f7911a46b9d'), buyer: ObjectId('69c9d3132b372f7911a46b9b'), status: "pending" }\n` +
    '    at InsertOneOperation.handleOk (E:\\campuscart\\url_shortner\\server\\node_modules\\mongodb\\lib\\operations\\insert.js:51:19)\n' +
    '    at tryOperation (E:\\campuscart\\url_shortner\\server\\node_modules\\mongodb\\lib\\operations\\execute_operation.js:216:34)\n' +
    '    at process.processTicksAndRejections (node:internal/process/task_queues:103:5)\n' +
    '    at async executeOperation (E:\\campuscart\\url_shortner\\server\\node_modules\\mongodb\\lib\\operations\\execute_operation.js:80:16)\n' +
    '    at async Collection.insertOne (E:\\campuscart\\url_shortner\\server\\node_modules\\mongodb\\lib\\collection.js:154:16)\n' +
    '    at async model.$__save (E:\\campuscart\\url_shortner\\server\\node_modules\\mongoose\\lib\\model.js:400:16)\n' +
    '    at async model.save (E:\\campuscart\\url_shortner\\server\\node_modules\\mongoose\\lib\\model.js:614:5)\n' +
    '    at async E:\\campuscart\\url_shortner\\server\\node_modules\\mongoose\\lib\\model.js:2750:9\n' +
    '    at async Promise.all (index 0)\n' +
    '    at async model.create (E:\\campuscart\\url_shortner\\server\\node_modules\\mongoose\\lib\\model.js:2735:11)',
  name: 'MongoServerError',
  code: 11000
}
[0mPOST /api/offers/69c9d3132b372f7911a46b9d [33m400[0m 42.974 ms - 53[0m
[0mPOST /api/offers/69c9d3132b372f7911a46b9d [32m201[0m 76.323 ms - 572[0m
  Γ£ö 6. High frequency / No Race Conditions (453.0456ms)
Γ£ö POST /api/offers/:listingId (8194.6057ms)
Mongoose disconnected. Attempting to reconnect...
Google OAuth credentials missing or placeholder. Skipping strategy registration.
GitHub OAuth credentials missing or placeholder. Skipping strategy registration.
[dotenv@17.3.1] injecting env (17) from .env -- tip: ΓÜÖ∩╕Å  enable debug logging with { debug: true }
MongoDB connected successfully
[0mPOST /api/auth/login [32m200[0m 267.951 ms - 354[0m
[0mPOST /api/auth/refresh [32m200[0m 37.752 ms - 238[0m
Γû╢ POST /api/auth/refresh
  Γ£û 1. Valid refresh token (1404.7901ms)
[0mPOST /api/auth/refresh [33m401[0m 1.039 ms - 35[0m
  Γ£ö 2. Missing refresh token (20.1718ms)
[0mPOST /api/auth/refresh [33m403[0m 7.696 ms - 67[0m
  Γ£ö 3. Expired refresh token (190.6288ms)
[0mPOST /api/auth/login [32m200[0m 164.291 ms - 357[0m
[0mPOST /api/auth/refresh [33m403[0m 3.914 ms - 67[0m
  Γ£ö 4. Tampered token (379.3215ms)
[0mPOST /api/auth/login [32m200[0m 163.535 ms - 354[0m
[0mPOST /api/auth/refresh [32m200[0m 35.527 ms - 238[0m
[0mPOST /api/auth/refresh [32m200[0m 34.325 ms - 238[0m
[0mPOST /api/auth/refresh [32m200[0m 43.876 ms - 238[0m
  Γ£ö 5. Multiple refresh calls & Idempotency (379.0224ms)
[0mPOST /api/auth/login [32m200[0m 135.907 ms - 357[0m
[0mPOST /api/auth/refresh [32m200[0m 13.746 ms - 238[0m
  Γ£ö 6. Security checks (308.3364ms)
Γ£û POST /api/auth/refresh (7566.3319ms)
Mongoose disconnected. Attempting to reconnect...
Γä╣ tests 23
Γä╣ suites 5
Γä╣ pass 21
Γä╣ fail 2
Γä╣ cancelled 0
Γä╣ skipped 0
Γä╣ todo 0
Γä╣ duration_ms 11024.6254

Γ£û failing tests:

test at tests\auth.e2e.test.js:1:1
Γ£û tests\auth.e2e.test.js (181.3217ms)
  'test failed'

test at tests\refresh.api.test.js:69:3
Γ£û 1. Valid refresh token (1404.7901ms)
  AssertionError [ERR_ASSERTION]: New token must be different than old one
      at TestContext.<anonymous> (file:///E:/campuscart/url_shortner/server/tests/refresh.api.test.js:86:12)
      at process.processTicksAndRejections (node:internal/process/task_queues:103:5)
      at async Test.run (node:internal/test_runner/test:1113:7)
      at async Promise.all (index 0)
      at async Suite.run (node:internal/test_runner/test:1518:7)
      at async startSubtestAfterBootstrap (node:internal/test_runner/harness:358:3) {
    generatedMessage: false,
    code: 'ERR_ASSERTION',
    actual: 'eyJhbGciOiJIUzI1NiIsInR5cCI6IkpXVCJ9.eyJ1c2VySWQiOiI2OWM5ZDMxMWExYzI5YzU4ZWM5ZjY1MjYiLCJpYXQiOjE3NzQ4MzQ0NDksImV4cCI6MTc3NDgzNTM0OX0.Fe-OXULa2jj1Yi4GhhyYfCf3T0hkyPxBLAmr8k52EqM',
    expected: 'eyJhbGciOiJIUzI1NiIsInR5cCI6IkpXVCJ9.eyJ1c2VySWQiOiI2OWM5ZDMxMWExYzI5YzU4ZWM5ZjY1MjYiLCJpYXQiOjE3NzQ4MzQ0NDksImV4cCI6MTc3NDgzNTM0OX0.Fe-OXULa2jj1Yi4GhhyYfCf3T0hkyPxBLAmr8k52EqM',
    operator: 'notStrictEqual',
    diff: 'simple'
  }
